[0.317s] colcon DEBUG Command line arguments: ['/usr/bin/colcon', 'build', '--packages-select', 'regrasp_experiment', '--symlink-install']
[0.318s] colcon DEBUG Parsed command line arguments: Namespace(log_base=None, log_level=None, verb_name='build', build_base='build', install_base='install', merge_install=False, symlink_install=True, test_result_base=None, continue_on_error=False, executor='parallel', parallel_workers=6, event_handlers=None, ignore_user_meta=False, metas=['./colcon.meta'], base_paths=['.'], packages_ignore=None, packages_ignore_regex=None, paths=None, packages_up_to=None, packages_up_to_regex=None, packages_above=None, packages_above_and_dependencies=None, packages_above_depth=None, packages_select_by_dep=None, packages_skip_by_dep=None, packages_skip_up_to=None, packages_select_build_failed=False, packages_skip_build_finished=False, packages_select_test_failures=False, packages_skip_test_passed=False, packages_select=['regrasp_experiment'], packages_skip=None, packages_select_regex=None, packages_skip_regex=None, packages_start=None, packages_end=None, allow_overriding=[], cmake_args=None, cmake_target=None, cmake_target_skip_unavailable=False, cmake_clean_cache=False, cmake_clean_first=False, cmake_force_configure=False, ament_cmake_args=None, catkin_cmake_args=None, catkin_skip_building_tests=False, mixin_files=None, mixin=None, verb_parser=<colcon_mixin.mixin.mixin_argument.MixinArgumentDecorator object at 0xffffafee8d60>, verb_extension=<colcon_core.verb.build.BuildVerb object at 0xffffb00b5b70>, main=<bound method BuildVerb.main of <colcon_core.verb.build.BuildVerb object at 0xffffb00b5b70>>, mixin_verb=('build',))
[0.766s] colcon.colcon_core.package_discovery Level 1 discover_packages(colcon_meta) check parameters
[0.766s] colcon.colcon_core.package_discovery Level 1 discover_packages(recursive) check parameters
[0.766s] colcon.colcon_core.package_discovery Level 1 discover_packages(ignore) check parameters
[0.766s] colcon.colcon_core.package_discovery Level 1 discover_packages(path) check parameters
[0.766s] colcon.colcon_core.package_discovery Level 1 discover_packages(colcon_meta) discover
[0.767s] colcon.colcon_core.package_discovery Level 1 discover_packages(recursive) discover
[0.767s] colcon.colcon_core.package_discovery INFO Crawling recursively for packages in '/home/heroes/Workspace/eksperimen_R2/grasp_ws'
[0.767s] colcon.colcon_core.package_identification Level 1 _identify(.) by extensions ['ignore', 'ignore_ament_install']
[0.767s] colcon.colcon_core.package_identification Level 1 _identify(.) by extension 'ignore'
[0.767s] colcon.colcon_core.package_identification Level 1 _identify(.) by extension 'ignore_ament_install'
[0.767s] colcon.colcon_core.package_identification Level 1 _identify(.) by extensions ['colcon_pkg']
[0.768s] colcon.colcon_core.package_identification Level 1 _identify(.) by extension 'colcon_pkg'
[0.768s] colcon.colcon_core.package_identification Level 1 _identify(.) by extensions ['colcon_meta']
[0.768s] colcon.colcon_core.package_identification Level 1 _identify(.) by extension 'colcon_meta'
[0.768s] colcon.colcon_core.package_identification Level 1 _identify(.) by extensions ['ros']
[0.768s] colcon.colcon_core.package_identification Level 1 _identify(.) by extension 'ros'
[0.828s] colcon.colcon_core.package_identification Level 1 _identify(.) by extensions ['cmake', 'python']
[0.828s] colcon.colcon_core.package_identification Level 1 _identify(.) by extension 'cmake'
[0.828s] colcon.colcon_core.package_identification Level 1 _identify(.) by extension 'python'
[0.828s] colcon.colcon_core.package_identification Level 1 _identify(.) by extensions ['python_setup_py']
[0.828s] colcon.colcon_core.package_identification Level 1 _identify(.) by extension 'python_setup_py'
[0.829s] colcon.colcon_core.package_identification Level 1 _identify(build) by extensions ['ignore', 'ignore_ament_install']
[0.829s] colcon.colcon_core.package_identification Level 1 _identify(build) by extension 'ignore'
[0.829s] colcon.colcon_core.package_identification Level 1 _identify(build) ignored
[0.829s] colcon.colcon_core.package_identification Level 1 _identify(install) by extensions ['ignore', 'ignore_ament_install']
[0.830s] colcon.colcon_core.package_identification Level 1 _identify(install) by extension 'ignore'
[0.830s] colcon.colcon_core.package_identification Level 1 _identify(install) ignored
[0.830s] colcon.colcon_core.package_identification Level 1 _identify(log) by extensions ['ignore', 'ignore_ament_install']
[0.830s] colcon.colcon_core.package_identification Level 1 _identify(log) by extension 'ignore'
[0.830s] colcon.colcon_core.package_identification Level 1 _identify(log) ignored
[0.831s] colcon.colcon_core.package_identification Level 1 _identify(src) by extensions ['ignore', 'ignore_ament_install']
[0.831s] colcon.colcon_core.package_identification Level 1 _identify(src) by extension 'ignore'
[0.831s] colcon.colcon_core.package_identification Level 1 _identify(src) by extension 'ignore_ament_install'
[0.831s] colcon.colcon_core.package_identification Level 1 _identify(src) by extensions ['colcon_pkg']
[0.831s] colcon.colcon_core.package_identification Level 1 _identify(src) by extension 'colcon_pkg'
[0.831s] colcon.colcon_core.package_identification Level 1 _identify(src) by extensions ['colcon_meta']
[0.831s] colcon.colcon_core.package_identification Level 1 _identify(src) by extension 'colcon_meta'
[0.831s] colcon.colcon_core.package_identification Level 1 _identify(src) by extensions ['ros']
[0.832s] colcon.colcon_core.package_identification Level 1 _identify(src) by extension 'ros'
[0.832s] colcon.colcon_core.package_identification Level 1 _identify(src) by extensions ['cmake', 'python']
[0.832s] colcon.colcon_core.package_identification Level 1 _identify(src) by extension 'cmake'
[0.832s] colcon.colcon_core.package_identification Level 1 _identify(src) by extension 'python'
[0.832s] colcon.colcon_core.package_identification Level 1 _identify(src) by extensions ['python_setup_py']
[0.832s] colcon.colcon_core.package_identification Level 1 _identify(src) by extension 'python_setup_py'
[0.832s] colcon.colcon_core.package_identification Level 1 _identify(src/regrasp_experiment) by extensions ['ignore', 'ignore_ament_install']
[0.833s] colcon.colcon_core.package_identification Level 1 _identify(src/regrasp_experiment) by extension 'ignore'
[0.833s] colcon.colcon_core.package_identification Level 1 _identify(src/regrasp_experiment) by extension 'ignore_ament_install'
[0.833s] colcon.colcon_core.package_identification Level 1 _identify(src/regrasp_experiment) by extensions ['colcon_pkg']
[0.833s] colcon.colcon_core.package_identification Level 1 _identify(src/regrasp_experiment) by extension 'colcon_pkg'
[0.833s] colcon.colcon_core.package_identification Level 1 _identify(src/regrasp_experiment) by extensions ['colcon_meta']
[0.833s] colcon.colcon_core.package_identification Level 1 _identify(src/regrasp_experiment) by extension 'colcon_meta'
[0.833s] colcon.colcon_core.package_identification Level 1 _identify(src/regrasp_experiment) by extensions ['ros']
[0.833s] colcon.colcon_core.package_identification Level 1 _identify(src/regrasp_experiment) by extension 'ros'
[0.840s] colcon.colcon_core.package_identification DEBUG Package 'src/regrasp_experiment' with type 'ros.ament_python' and name 'regrasp_experiment'
[0.840s] colcon.colcon_core.package_discovery Level 1 discover_packages(recursive) using defaults
[0.840s] colcon.colcon_core.package_discovery Level 1 discover_packages(ignore) discover
[0.840s] colcon.colcon_core.package_discovery Level 1 discover_packages(ignore) using defaults
[0.840s] colcon.colcon_core.package_discovery Level 1 discover_packages(path) discover
[0.840s] colcon.colcon_core.package_discovery Level 1 discover_packages(path) using defaults
[0.879s] colcon.colcon_core.package_discovery Level 1 discover_packages(prefix_path) check parameters
[0.880s] colcon.colcon_core.package_discovery Level 1 discover_packages(prefix_path) discover
[0.889s] colcon.colcon_installed_package_information.package_discovery DEBUG Found 39 installed packages in /home/heroes/microros_ws/install
[0.893s] colcon.colcon_installed_package_information.package_discovery DEBUG Found 386 installed packages in /opt/ros/humble
[0.902s] colcon.colcon_core.package_discovery Level 1 discover_packages(prefix_path) using defaults
[1.013s] colcon.colcon_core.verb Level 5 set package 'regrasp_experiment' build argument 'cmake_args' from command line to 'None'
[1.013s] colcon.colcon_core.verb Level 5 set package 'regrasp_experiment' build argument 'cmake_target' from command line to 'None'
[1.013s] colcon.colcon_core.verb Level 5 set package 'regrasp_experiment' build argument 'cmake_target_skip_unavailable' from command line to 'False'
[1.013s] colcon.colcon_core.verb Level 5 set package 'regrasp_experiment' build argument 'cmake_clean_cache' from command line to 'False'
[1.013s] colcon.colcon_core.verb Level 5 set package 'regrasp_experiment' build argument 'cmake_clean_first' from command line to 'False'
[1.013s] colcon.colcon_core.verb Level 5 set package 'regrasp_experiment' build argument 'cmake_force_configure' from command line to 'False'
[1.013s] colcon.colcon_core.verb Level 5 set package 'regrasp_experiment' build argument 'ament_cmake_args' from command line to 'None'
[1.013s] colcon.colcon_core.verb Level 5 set package 'regrasp_experiment' build argument 'catkin_cmake_args' from command line to 'None'
[1.013s] colcon.colcon_core.verb Level 5 set package 'regrasp_experiment' build argument 'catkin_skip_building_tests' from command line to 'False'
[1.014s] colcon.colcon_core.verb DEBUG Building package 'regrasp_experiment' with the following arguments: {'ament_cmake_args': None, 'build_base': '/home/heroes/Workspace/eksperimen_R2/grasp_ws/build/regrasp_experiment', 'catkin_cmake_args': None, 'catkin_skip_building_tests': False, 'cmake_args': None, 'cmake_clean_cache': False, 'cmake_clean_first': False, 'cmake_force_configure': False, 'cmake_target': None, 'cmake_target_skip_unavailable': False, 'install_base': '/home/heroes/Workspace/eksperimen_R2/grasp_ws/install/regrasp_experiment', 'merge_install': False, 'path': '/home/heroes/Workspace/eksperimen_R2/grasp_ws/src/regrasp_experiment', 'symlink_install': True, 'test_result_base': None}
[1.014s] colcon.colcon_core.executor INFO Executing jobs using 'parallel' executor
[1.016s] colcon.colcon_parallel_executor.executor.parallel DEBUG run_until_complete
[1.017s] colcon.colcon_ros.task.ament_python.build INFO Building ROS package in '/home/heroes/Workspace/eksperimen_R2/grasp_ws/src/regrasp_experiment' with build type 'ament_python'
[1.017s] colcon.colcon_core.shell Level 1 create_environment_hook('regrasp_experiment', 'ament_prefix_path')
[1.023s] colcon.colcon_core.plugin_system INFO Skipping extension 'colcon_core.shell.bat': Not used on non-Windows systems
[1.024s] colcon.colcon_core.shell INFO Creating environment hook '/home/heroes/Workspace/eksperimen_R2/grasp_ws/install/regrasp_experiment/share/regrasp_experiment/hook/ament_prefix_path.ps1'
[1.025s] colcon.colcon_core.shell INFO Creating environment descriptor '/home/heroes/Workspace/eksperimen_R2/grasp_ws/install/regrasp_experiment/share/regrasp_experiment/hook/ament_prefix_path.dsv'
[1.026s] colcon.colcon_core.shell INFO Creating environment hook '/home/heroes/Workspace/eksperimen_R2/grasp_ws/install/regrasp_experiment/share/regrasp_experiment/hook/ament_prefix_path.sh'
[1.028s] colcon.colcon_core.shell INFO Skip shell extension 'powershell' for command environment: Not usable outside of PowerShell
[1.028s] colcon.colcon_core.shell DEBUG Skip shell extension 'dsv' for command environment
[1.736s] colcon.colcon_core.task.python.build INFO Building Python package in '/home/heroes/Workspace/eksperimen_R2/grasp_ws/src/regrasp_experiment'
[1.737s] colcon.colcon_core.shell INFO Skip shell extension 'powershell' for command environment: Not usable outside of PowerShell
[1.737s] colcon.colcon_core.shell DEBUG Skip shell extension 'dsv' for command environment
[2.744s] colcon.colcon_core.event_handler.log_command DEBUG Invoking command in '/home/heroes/Workspace/eksperimen_R2/grasp_ws/build/regrasp_experiment': PYTHONPATH=/home/heroes/Workspace/eksperimen_R2/grasp_ws/build/regrasp_experiment/prefix_override:/usr/lib/python3/dist-packages/colcon_core/task/python/colcon_distutils_commands:/home/heroes/Workspace/eksperimen_R2/grasp_ws/install/regrasp_experiment/lib/python3.10/site-packages:${PYTHONPATH} /usr/bin/python3 -W ignore:setup.py install is deprecated -W ignore:easy_install command is deprecated setup.py develop --editable --build-directory /home/heroes/Workspace/eksperimen_R2/grasp_ws/build/regrasp_experiment/build --no-deps symlink_data
[4.012s] colcon.colcon_core.shell Level 1 create_environment_hook('regrasp_experiment', 'pythonpath_develop')
[4.013s] colcon.colcon_core.shell INFO Creating environment hook '/home/heroes/Workspace/eksperimen_R2/grasp_ws/build/regrasp_experiment/share/regrasp_experiment/hook/pythonpath_develop.ps1'
[4.015s] colcon.colcon_core.shell INFO Creating environment descriptor '/home/heroes/Workspace/eksperimen_R2/grasp_ws/build/regrasp_experiment/share/regrasp_experiment/hook/pythonpath_develop.dsv'
[4.016s] colcon.colcon_core.event_handler.log_command DEBUG Invoked command in '/home/heroes/Workspace/eksperimen_R2/grasp_ws/build/regrasp_experiment' returned '0': PYTHONPATH=/home/heroes/Workspace/eksperimen_R2/grasp_ws/build/regrasp_experiment/prefix_override:/usr/lib/python3/dist-packages/colcon_core/task/python/colcon_distutils_commands:/home/heroes/Workspace/eksperimen_R2/grasp_ws/install/regrasp_experiment/lib/python3.10/site-packages:${PYTHONPATH} /usr/bin/python3 -W ignore:setup.py install is deprecated -W ignore:easy_install command is deprecated setup.py develop --editable --build-directory /home/heroes/Workspace/eksperimen_R2/grasp_ws/build/regrasp_experiment/build --no-deps symlink_data
[4.017s] colcon.colcon_core.shell INFO Creating environment hook '/home/heroes/Workspace/eksperimen_R2/grasp_ws/build/regrasp_experiment/share/regrasp_experiment/hook/pythonpath_develop.sh'
[4.024s] colcon.colcon_core.environment Level 1 checking '/home/heroes/Workspace/eksperimen_R2/grasp_ws/install/regrasp_experiment' for CMake module files
[4.025s] colcon.colcon_core.environment Level 1 checking '/home/heroes/Workspace/eksperimen_R2/grasp_ws/install/regrasp_experiment' for CMake config files
[4.028s] colcon.colcon_core.environment Level 1 checking '/home/heroes/Workspace/eksperimen_R2/grasp_ws/install/regrasp_experiment/lib'
[4.029s] colcon.colcon_core.environment Level 1 checking '/home/heroes/Workspace/eksperimen_R2/grasp_ws/install/regrasp_experiment/bin'
[4.029s] colcon.colcon_core.environment Level 1 checking '/home/heroes/Workspace/eksperimen_R2/grasp_ws/install/regrasp_experiment/lib/pkgconfig/regrasp_experiment.pc'
[4.030s] colcon.colcon_core.environment Level 1 checking '/home/heroes/Workspace/eksperimen_R2/grasp_ws/install/regrasp_experiment/lib/python3.10/site-packages'
[4.031s] colcon.colcon_core.shell Level 1 create_environment_hook('regrasp_experiment', 'pythonpath')
[4.032s] colcon.colcon_core.shell INFO Creating environment hook '/home/heroes/Workspace/eksperimen_R2/grasp_ws/install/regrasp_experiment/share/regrasp_experiment/hook/pythonpath.ps1'
[4.036s] colcon.colcon_core.shell INFO Creating environment descriptor '/home/heroes/Workspace/eksperimen_R2/grasp_ws/install/regrasp_experiment/share/regrasp_experiment/hook/pythonpath.dsv'
[4.038s] colcon.colcon_core.shell INFO Creating environment hook '/home/heroes/Workspace/eksperimen_R2/grasp_ws/install/regrasp_experiment/share/regrasp_experiment/hook/pythonpath.sh'
[4.041s] colcon.colcon_core.environment Level 1 checking '/home/heroes/Workspace/eksperimen_R2/grasp_ws/install/regrasp_experiment/bin'
[4.041s] colcon.colcon_core.environment Level 1 create_environment_scripts_only(regrasp_experiment)
[4.043s] colcon.colcon_core.shell INFO Creating package script '/home/heroes/Workspace/eksperimen_R2/grasp_ws/install/regrasp_experiment/share/regrasp_experiment/package.ps1'
[4.048s] colcon.colcon_core.shell INFO Creating package descriptor '/home/heroes/Workspace/eksperimen_R2/grasp_ws/install/regrasp_experiment/share/regrasp_experiment/package.dsv'
[4.050s] colcon.colcon_core.shell INFO Creating package script '/home/heroes/Workspace/eksperimen_R2/grasp_ws/install/regrasp_experiment/share/regrasp_experiment/package.sh'
[4.052s] colcon.colcon_core.shell INFO Creating package script '/home/heroes/Workspace/eksperimen_R2/grasp_ws/install/regrasp_experiment/share/regrasp_experiment/package.bash'
[4.055s] colcon.colcon_core.shell INFO Creating package script '/home/heroes/Workspace/eksperimen_R2/grasp_ws/install/regrasp_experiment/share/regrasp_experiment/package.zsh'
[4.057s] colcon.colcon_core.environment Level 1 create_file_with_runtime_dependencies(/home/heroes/Workspace/eksperimen_R2/grasp_ws/install/regrasp_experiment/share/colcon-core/packages/regrasp_experiment)
[4.059s] colcon.colcon_parallel_executor.executor.parallel DEBUG closing loop
[4.060s] colcon.colcon_parallel_executor.executor.parallel DEBUG loop closed
[4.060s] colcon.colcon_parallel_executor.executor.parallel DEBUG run_until_complete finished with '0'
[4.060s] colcon.colcon_core.event_reactor DEBUG joining thread
[4.074s] colcon.colcon_core.plugin_system INFO Skipping extension 'colcon_notification.desktop_notification.terminal_notifier': Not used on non-Darwin systems
[4.074s] colcon.colcon_core.plugin_system INFO Skipping extension 'colcon_notification.desktop_notification.win32': Not used on non-Windows systems
[4.075s] colcon.colcon_notification.desktop_notification INFO Sending desktop notification using 'notify2'
[4.109s] colcon.colcon_core.event_reactor DEBUG joined thread
[4.110s] colcon.colcon_core.shell INFO Creating prefix script '/home/heroes/Workspace/eksperimen_R2/grasp_ws/install/local_setup.ps1'
[4.113s] colcon.colcon_core.shell INFO Creating prefix util module '/home/heroes/Workspace/eksperimen_R2/grasp_ws/install/_local_setup_util_ps1.py'
[4.116s] colcon.colcon_core.shell INFO Creating prefix chain script '/home/heroes/Workspace/eksperimen_R2/grasp_ws/install/setup.ps1'
[4.123s] colcon.colcon_core.shell INFO Creating prefix script '/home/heroes/Workspace/eksperimen_R2/grasp_ws/install/local_setup.sh'
[4.124s] colcon.colcon_core.shell INFO Creating prefix util module '/home/heroes/Workspace/eksperimen_R2/grasp_ws/install/_local_setup_util_sh.py'
[4.125s] colcon.colcon_core.shell INFO Creating prefix chain script '/home/heroes/Workspace/eksperimen_R2/grasp_ws/install/setup.sh'
[4.131s] colcon.colcon_core.shell INFO Creating prefix script '/home/heroes/Workspace/eksperimen_R2/grasp_ws/install/local_setup.bash'
[4.133s] colcon.colcon_core.shell INFO Creating prefix chain script '/home/heroes/Workspace/eksperimen_R2/grasp_ws/install/setup.bash'
[4.139s] colcon.colcon_core.shell INFO Creating prefix script '/home/heroes/Workspace/eksperimen_R2/grasp_ws/install/local_setup.zsh'
[4.140s] colcon.colcon_core.shell INFO Creating prefix chain script '/home/heroes/Workspace/eksperimen_R2/grasp_ws/install/setup.zsh'
