[1.920s] Invoking command in '/home/heroes/Workspace/eksperimen_R2/grasp_ws/build/regrasp_experiment': PYTHONPATH=/home/heroes/Workspace/eksperimen_R2/grasp_ws/build/regrasp_experiment/prefix_override:/usr/lib/python3/dist-packages/colcon_core/task/python/colcon_distutils_commands:/home/heroes/Workspace/eksperimen_R2/grasp_ws/install/regrasp_experiment/lib/python3.10/site-packages:${PYTHONPATH} /usr/bin/python3 -W ignore:setup.py install is deprecated -W ignore:easy_install command is deprecated setup.py develop --uninstall --editable --build-directory /home/heroes/Workspace/eksperimen_R2/grasp_ws/build/regrasp_experiment/build
[2.596s] running develop
[3.056s] Removing /home/heroes/Workspace/eksperimen_R2/grasp_ws/install/regrasp_experiment/lib/python3.10/site-packages/regrasp-experiment.egg-link (link to .)
[3.137s] Invoked command in '/home/heroes/Workspace/eksperimen_R2/grasp_ws/build/regrasp_experiment' returned '0': PYTHONPATH=/home/heroes/Workspace/eksperimen_R2/grasp_ws/build/regrasp_experiment/prefix_override:/usr/lib/python3/dist-packages/colcon_core/task/python/colcon_distutils_commands:/home/heroes/Workspace/eksperimen_R2/grasp_ws/install/regrasp_experiment/lib/python3.10/site-packages:${PYTHONPATH} /usr/bin/python3 -W ignore:setup.py install is deprecated -W ignore:easy_install command is deprecated setup.py develop --uninstall --editable --build-directory /home/heroes/Workspace/eksperimen_R2/grasp_ws/build/regrasp_experiment/build
[3.141s] Invoking command in '/home/heroes/Workspace/eksperimen_R2/grasp_ws/src/regrasp_experiment': PYTHONPATH=/home/heroes/Workspace/eksperimen_R2/grasp_ws/build/regrasp_experiment/prefix_override:/usr/lib/python3/dist-packages/colcon_core/task/python/colcon_distutils_commands:/home/heroes/Workspace/eksperimen_R2/grasp_ws/install/regrasp_experiment/lib/python3.10/site-packages:${PYTHONPATH} /usr/bin/python3 -W ignore:setup.py install is deprecated -W ignore:easy_install command is deprecated setup.py egg_info --egg-base ../../build/regrasp_experiment build --build-base /home/heroes/Workspace/eksperimen_R2/grasp_ws/build/regrasp_experiment/build install --record /home/heroes/Workspace/eksperimen_R2/grasp_ws/build/regrasp_experiment/install.log --single-version-externally-managed install_data --force
[3.758s] running egg_info
[3.760s] writing ../../build/regrasp_experiment/regrasp_experiment.egg-info/PKG-INFO
[3.760s] writing dependency_links to ../../build/regrasp_experiment/regrasp_experiment.egg-info/dependency_links.txt
[3.761s] writing entry points to ../../build/regrasp_experiment/regrasp_experiment.egg-info/entry_points.txt
[3.761s] writing requirements to ../../build/regrasp_experiment/regrasp_experiment.egg-info/requires.txt
[3.761s] writing top-level names to ../../build/regrasp_experiment/regrasp_experiment.egg-info/top_level.txt
[3.765s] reading manifest file '../../build/regrasp_experiment/regrasp_experiment.egg-info/SOURCES.txt'
[3.768s] writing manifest file '../../build/regrasp_experiment/regrasp_experiment.egg-info/SOURCES.txt'
[3.768s] running build
[3.768s] running build_py
[3.770s] copying regrasp_experiment/spearhead_servo.py -> /home/heroes/Workspace/eksperimen_R2/grasp_ws/build/regrasp_experiment/build/lib/regrasp_experiment
[3.772s] running install
[3.772s] running install_lib
[3.774s] creating /home/heroes/Workspace/eksperimen_R2/grasp_ws/install/regrasp_experiment/lib/python3.10/site-packages/regrasp_experiment
[3.774s] copying /home/heroes/Workspace/eksperimen_R2/grasp_ws/build/regrasp_experiment/build/lib/regrasp_experiment/config.py -> /home/heroes/Workspace/eksperimen_R2/grasp_ws/install/regrasp_experiment/lib/python3.10/site-packages/regrasp_experiment
[3.775s] copying /home/heroes/Workspace/eksperimen_R2/grasp_ws/build/regrasp_experiment/build/lib/regrasp_experiment/perception.py -> /home/heroes/Workspace/eksperimen_R2/grasp_ws/install/regrasp_experiment/lib/python3.10/site-packages/regrasp_experiment
[3.775s] copying /home/heroes/Workspace/eksperimen_R2/grasp_ws/build/regrasp_experiment/build/lib/regrasp_experiment/__init__.py -> /home/heroes/Workspace/eksperimen_R2/grasp_ws/install/regrasp_experiment/lib/python3.10/site-packages/regrasp_experiment
[3.775s] copying /home/heroes/Workspace/eksperimen_R2/grasp_ws/build/regrasp_experiment/build/lib/regrasp_experiment/detector.py -> /home/heroes/Workspace/eksperimen_R2/grasp_ws/install/regrasp_experiment/lib/python3.10/site-packages/regrasp_experiment
[3.776s] copying /home/heroes/Workspace/eksperimen_R2/grasp_ws/build/regrasp_experiment/build/lib/regrasp_experiment/grip_outcome.py -> /home/heroes/Workspace/eksperimen_R2/grasp_ws/install/regrasp_experiment/lib/python3.10/site-packages/regrasp_experiment
[3.776s] copying /home/heroes/Workspace/eksperimen_R2/grasp_ws/build/regrasp_experiment/build/lib/regrasp_experiment/logger.py -> /home/heroes/Workspace/eksperimen_R2/grasp_ws/install/regrasp_experiment/lib/python3.10/site-packages/regrasp_experiment
[3.776s] copying /home/heroes/Workspace/eksperimen_R2/grasp_ws/build/regrasp_experiment/build/lib/regrasp_experiment/depth_measurement.py -> /home/heroes/Workspace/eksperimen_R2/grasp_ws/install/regrasp_experiment/lib/python3.10/site-packages/regrasp_experiment
[3.777s] copying /home/heroes/Workspace/eksperimen_R2/grasp_ws/build/regrasp_experiment/build/lib/regrasp_experiment/spearhead_dashboard.py -> /home/heroes/Workspace/eksperimen_R2/grasp_ws/install/regrasp_experiment/lib/python3.10/site-packages/regrasp_experiment
[3.777s] copying /home/heroes/Workspace/eksperimen_R2/grasp_ws/build/regrasp_experiment/build/lib/regrasp_experiment/spearhead_servo.py -> /home/heroes/Workspace/eksperimen_R2/grasp_ws/install/regrasp_experiment/lib/python3.10/site-packages/regrasp_experiment
[3.778s] copying /home/heroes/Workspace/eksperimen_R2/grasp_ws/build/regrasp_experiment/build/lib/regrasp_experiment/motion_control.py -> /home/heroes/Workspace/eksperimen_R2/grasp_ws/install/regrasp_experiment/lib/python3.10/site-packages/regrasp_experiment
[3.778s] copying /home/heroes/Workspace/eksperimen_R2/grasp_ws/build/regrasp_experiment/build/lib/regrasp_experiment/memory.py -> /home/heroes/Workspace/eksperimen_R2/grasp_ws/install/regrasp_experiment/lib/python3.10/site-packages/regrasp_experiment
[3.778s] copying /home/heroes/Workspace/eksperimen_R2/grasp_ws/build/regrasp_experiment/build/lib/regrasp_experiment/experiment_node.py -> /home/heroes/Workspace/eksperimen_R2/grasp_ws/install/regrasp_experiment/lib/python3.10/site-packages/regrasp_experiment
[3.779s] copying /home/heroes/Workspace/eksperimen_R2/grasp_ws/build/regrasp_experiment/build/lib/regrasp_experiment/robot.py -> /home/heroes/Workspace/eksperimen_R2/grasp_ws/install/regrasp_experiment/lib/python3.10/site-packages/regrasp_experiment
[3.779s] copying /home/heroes/Workspace/eksperimen_R2/grasp_ws/build/regrasp_experiment/build/lib/regrasp_experiment/pipeline.py -> /home/heroes/Workspace/eksperimen_R2/grasp_ws/install/regrasp_experiment/lib/python3.10/site-packages/regrasp_experiment
[3.779s] copying /home/heroes/Workspace/eksperimen_R2/grasp_ws/build/regrasp_experiment/build/lib/regrasp_experiment/scoring.py -> /home/heroes/Workspace/eksperimen_R2/grasp_ws/install/regrasp_experiment/lib/python3.10/site-packages/regrasp_experiment
[3.781s] byte-compiling /home/heroes/Workspace/eksperimen_R2/grasp_ws/install/regrasp_experiment/lib/python3.10/site-packages/regrasp_experiment/config.py to config.cpython-310.pyc
[3.782s] byte-compiling /home/heroes/Workspace/eksperimen_R2/grasp_ws/install/regrasp_experiment/lib/python3.10/site-packages/regrasp_experiment/perception.py to perception.cpython-310.pyc
[3.783s] byte-compiling /home/heroes/Workspace/eksperimen_R2/grasp_ws/install/regrasp_experiment/lib/python3.10/site-packages/regrasp_experiment/__init__.py to __init__.cpython-310.pyc
[3.783s] byte-compiling /home/heroes/Workspace/eksperimen_R2/grasp_ws/install/regrasp_experiment/lib/python3.10/site-packages/regrasp_experiment/detector.py to detector.cpython-310.pyc
[3.785s] byte-compiling /home/heroes/Workspace/eksperimen_R2/grasp_ws/install/regrasp_experiment/lib/python3.10/site-packages/regrasp_experiment/grip_outcome.py to grip_outcome.cpython-310.pyc
[3.786s] byte-compiling /home/heroes/Workspace/eksperimen_R2/grasp_ws/install/regrasp_experiment/lib/python3.10/site-packages/regrasp_experiment/logger.py to logger.cpython-310.pyc
[3.787s] byte-compiling /home/heroes/Workspace/eksperimen_R2/grasp_ws/install/regrasp_experiment/lib/python3.10/site-packages/regrasp_experiment/depth_measurement.py to depth_measurement.cpython-310.pyc
[3.788s] byte-compiling /home/heroes/Workspace/eksperimen_R2/grasp_ws/install/regrasp_experiment/lib/python3.10/site-packages/regrasp_experiment/spearhead_dashboard.py to spearhead_dashboard.cpython-310.pyc
[3.790s] byte-compiling /home/heroes/Workspace/eksperimen_R2/grasp_ws/install/regrasp_experiment/lib/python3.10/site-packages/regrasp_experiment/spearhead_servo.py to spearhead_servo.cpython-310.pyc
[3.810s] byte-compiling /home/heroes/Workspace/eksperimen_R2/grasp_ws/install/regrasp_experiment/lib/python3.10/site-packages/regrasp_experiment/motion_control.py to motion_control.cpython-310.pyc
[3.811s] byte-compiling /home/heroes/Workspace/eksperimen_R2/grasp_ws/install/regrasp_experiment/lib/python3.10/site-packages/regrasp_experiment/memory.py to memory.cpython-310.pyc
[3.812s] byte-compiling /home/heroes/Workspace/eksperimen_R2/grasp_ws/install/regrasp_experiment/lib/python3.10/site-packages/regrasp_experiment/experiment_node.py to experiment_node.cpython-310.pyc
[3.814s] byte-compiling /home/heroes/Workspace/eksperimen_R2/grasp_ws/install/regrasp_experiment/lib/python3.10/site-packages/regrasp_experiment/robot.py to robot.cpython-310.pyc
[3.814s] byte-compiling /home/heroes/Workspace/eksperimen_R2/grasp_ws/install/regrasp_experiment/lib/python3.10/site-packages/regrasp_experiment/pipeline.py to pipeline.cpython-310.pyc
[3.816s] byte-compiling /home/heroes/Workspace/eksperimen_R2/grasp_ws/install/regrasp_experiment/lib/python3.10/site-packages/regrasp_experiment/scoring.py to scoring.cpython-310.pyc
[3.817s] running install_data
[3.817s] copying resource/regrasp_experiment -> /home/heroes/Workspace/eksperimen_R2/grasp_ws/install/regrasp_experiment/share/ament_index/resource_index/packages
[3.818s] copying package.xml -> /home/heroes/Workspace/eksperimen_R2/grasp_ws/install/regrasp_experiment/share/regrasp_experiment
[3.819s] copying launch/spearhead_servo.launch.py -> /home/heroes/Workspace/eksperimen_R2/grasp_ws/install/regrasp_experiment/share/regrasp_experiment/launch
[3.820s] copying launch/experiment.launch.py -> /home/heroes/Workspace/eksperimen_R2/grasp_ws/install/regrasp_experiment/share/regrasp_experiment/launch
[3.820s] copying config/params.yaml -> /home/heroes/Workspace/eksperimen_R2/grasp_ws/install/regrasp_experiment/share/regrasp_experiment/config
[3.821s] copying config/spearhead_servo.yaml -> /home/heroes/Workspace/eksperimen_R2/grasp_ws/install/regrasp_experiment/share/regrasp_experiment/config
[3.821s] running install_egg_info
[3.826s] Copying ../../build/regrasp_experiment/regrasp_experiment.egg-info to /home/heroes/Workspace/eksperimen_R2/grasp_ws/install/regrasp_experiment/lib/python3.10/site-packages/regrasp_experiment-0.1.0-py3.10.egg-info
[3.828s] running install_scripts
[3.876s] Installing experiment script to /home/heroes/Workspace/eksperimen_R2/grasp_ws/install/regrasp_experiment/lib/regrasp_experiment
[3.876s] Installing spearhead_dashboard script to /home/heroes/Workspace/eksperimen_R2/grasp_ws/install/regrasp_experiment/lib/regrasp_experiment
[3.877s] Installing spearhead_servo script to /home/heroes/Workspace/eksperimen_R2/grasp_ws/install/regrasp_experiment/lib/regrasp_experiment
[3.878s] writing list of installed files to '/home/heroes/Workspace/eksperimen_R2/grasp_ws/build/regrasp_experiment/install.log'
[3.947s] Invoked command in '/home/heroes/Workspace/eksperimen_R2/grasp_ws/src/regrasp_experiment' returned '0': PYTHONPATH=/home/heroes/Workspace/eksperimen_R2/grasp_ws/build/regrasp_experiment/prefix_override:/usr/lib/python3/dist-packages/colcon_core/task/python/colcon_distutils_commands:/home/heroes/Workspace/eksperimen_R2/grasp_ws/install/regrasp_experiment/lib/python3.10/site-packages:${PYTHONPATH} /usr/bin/python3 -W ignore:setup.py install is deprecated -W ignore:easy_install command is deprecated setup.py egg_info --egg-base ../../build/regrasp_experiment build --build-base /home/heroes/Workspace/eksperimen_R2/grasp_ws/build/regrasp_experiment/build install --record /home/heroes/Workspace/eksperimen_R2/grasp_ws/build/regrasp_experiment/install.log --single-version-externally-managed install_data --force
