running develop
running egg_info
writing regrasp_experiment.egg-info/PKG-INFO
writing dependency_links to regrasp_experiment.egg-info/dependency_links.txt
writing entry points to regrasp_experiment.egg-info/entry_points.txt
writing requirements to regrasp_experiment.egg-info/requires.txt
writing top-level names to regrasp_experiment.egg-info/top_level.txt
reading manifest file 'regrasp_experiment.egg-info/SOURCES.txt'
writing manifest file 'regrasp_experiment.egg-info/SOURCES.txt'
running build_ext
Creating /home/heroes/Workspace/eksperimen_R2/grasp_ws/install/regrasp_experiment/lib/python3.10/site-packages/regrasp-experiment.egg-link (link to .)
Installing experiment script to /home/heroes/Workspace/eksperimen_R2/grasp_ws/install/regrasp_experiment/lib/regrasp_experiment
Installing spearhead_dashboard script to /home/heroes/Workspace/eksperimen_R2/grasp_ws/install/regrasp_experiment/lib/regrasp_experiment
Installing spearhead_servo script to /home/heroes/Workspace/eksperimen_R2/grasp_ws/install/regrasp_experiment/lib/regrasp_experiment

Installed /home/heroes/Workspace/eksperimen_R2/grasp_ws/build/regrasp_experiment
running symlink_data
symbolically linking /home/heroes/Workspace/eksperimen_R2/grasp_ws/build/regrasp_experiment/resource/regrasp_experiment -> /home/heroes/Workspace/eksperimen_R2/grasp_ws/install/regrasp_experiment/share/ament_index/resource_index/packages
symbolically linking /home/heroes/Workspace/eksperimen_R2/grasp_ws/build/regrasp_experiment/package.xml -> /home/heroes/Workspace/eksperimen_R2/grasp_ws/install/regrasp_experiment/share/regrasp_experiment
symbolically linking /home/heroes/Workspace/eksperimen_R2/grasp_ws/build/regrasp_experiment/launch/spearhead_servo.launch.py -> /home/heroes/Workspace/eksperimen_R2/grasp_ws/install/regrasp_experiment/share/regrasp_experiment/launch
symbolically linking /home/heroes/Workspace/eksperimen_R2/grasp_ws/build/regrasp_experiment/launch/experiment.launch.py -> /home/heroes/Workspace/eksperimen_R2/grasp_ws/install/regrasp_experiment/share/regrasp_experiment/launch
symbolically linking /home/heroes/Workspace/eksperimen_R2/grasp_ws/build/regrasp_experiment/config/params.yaml -> /home/heroes/Workspace/eksperimen_R2/grasp_ws/install/regrasp_experiment/share/regrasp_experiment/config
symbolically linking /home/heroes/Workspace/eksperimen_R2/grasp_ws/build/regrasp_experiment/config/spearhead_servo.yaml -> /home/heroes/Workspace/eksperimen_R2/grasp_ws/install/regrasp_experiment/share/regrasp_experiment/config
