[1.895s] Invoking command in '/home/heroes/Workspace/eksperimen_R2/grasp_ws/src/regrasp_experiment': PS1=(.venv) \[\e]0;\u@\h: \w\a\]${debian_chroot:+($debian_chroot)}\[\033[01;32m\]\u@\h\[\033[00m\]:\[\033[01;34m\]\w\[\033[00m\]\$ PYTHONPATH=/home/heroes/Workspace/eksperimen_R2/grasp_ws/build/regrasp_experiment/prefix_override:/usr/lib/python3/dist-packages/colcon_core/task/python/colcon_distutils_commands:/home/heroes/Workspace/eksperimen_R2/grasp_ws/install/regrasp_experiment/lib/python3.10/site-packages:${PYTHONPATH} VIRTUAL_ENV_PROMPT=(.venv) /usr/bin/python3 -W ignore:setup.py install is deprecated -W ignore:easy_install command is deprecated setup.py egg_info --egg-base ../../build/regrasp_experiment build --build-base /home/heroes/Workspace/eksperimen_R2/grasp_ws/build/regrasp_experiment/build install --record /home/heroes/Workspace/eksperimen_R2/grasp_ws/build/regrasp_experiment/install.log --single-version-externally-managed install_data
[2.523s] running egg_info
[2.524s] creating ../../build/regrasp_experiment/regrasp_experiment.egg-info
[2.525s] writing ../../build/regrasp_experiment/regrasp_experiment.egg-info/PKG-INFO
[2.525s] writing dependency_links to ../../build/regrasp_experiment/regrasp_experiment.egg-info/dependency_links.txt
[2.526s] writing entry points to ../../build/regrasp_experiment/regrasp_experiment.egg-info/entry_points.txt
[2.526s] writing requirements to ../../build/regrasp_experiment/regrasp_experiment.egg-info/requires.txt
[2.526s] writing top-level names to ../../build/regrasp_experiment/regrasp_experiment.egg-info/top_level.txt
[2.527s] writing manifest file '../../build/regrasp_experiment/regrasp_experiment.egg-info/SOURCES.txt'
[2.530s] reading manifest file '../../build/regrasp_experiment/regrasp_experiment.egg-info/SOURCES.txt'
[2.532s] writing manifest file '../../build/regrasp_experiment/regrasp_experiment.egg-info/SOURCES.txt'
[2.532s] running build
[2.532s] running build_py
[2.533s] creating /home/heroes/Workspace/eksperimen_R2/grasp_ws/build/regrasp_experiment/build
[2.533s] creating /home/heroes/Workspace/eksperimen_R2/grasp_ws/build/regrasp_experiment/build/lib
[2.534s] creating /home/heroes/Workspace/eksperimen_R2/grasp_ws/build/regrasp_experiment/build/lib/regrasp_experiment
[2.534s] copying regrasp_experiment/config.py -> /home/heroes/Workspace/eksperimen_R2/grasp_ws/build/regrasp_experiment/build/lib/regrasp_experiment
[2.534s] copying regrasp_experiment/perception.py -> /home/heroes/Workspace/eksperimen_R2/grasp_ws/build/regrasp_experiment/build/lib/regrasp_experiment
[2.535s] copying regrasp_experiment/__init__.py -> /home/heroes/Workspace/eksperimen_R2/grasp_ws/build/regrasp_experiment/build/lib/regrasp_experiment
[2.535s] copying regrasp_experiment/detector.py -> /home/heroes/Workspace/eksperimen_R2/grasp_ws/build/regrasp_experiment/build/lib/regrasp_experiment
[2.535s] copying regrasp_experiment/logger.py -> /home/heroes/Workspace/eksperimen_R2/grasp_ws/build/regrasp_experiment/build/lib/regrasp_experiment
[2.536s] copying regrasp_experiment/spearhead_servo.py -> /home/heroes/Workspace/eksperimen_R2/grasp_ws/build/regrasp_experiment/build/lib/regrasp_experiment
[2.536s] copying regrasp_experiment/memory.py -> /home/heroes/Workspace/eksperimen_R2/grasp_ws/build/regrasp_experiment/build/lib/regrasp_experiment
[2.536s] copying regrasp_experiment/experiment_node.py -> /home/heroes/Workspace/eksperimen_R2/grasp_ws/build/regrasp_experiment/build/lib/regrasp_experiment
[2.536s] copying regrasp_experiment/robot.py -> /home/heroes/Workspace/eksperimen_R2/grasp_ws/build/regrasp_experiment/build/lib/regrasp_experiment
[2.537s] copying regrasp_experiment/pipeline.py -> /home/heroes/Workspace/eksperimen_R2/grasp_ws/build/regrasp_experiment/build/lib/regrasp_experiment
[2.537s] copying regrasp_experiment/scoring.py -> /home/heroes/Workspace/eksperimen_R2/grasp_ws/build/regrasp_experiment/build/lib/regrasp_experiment
[2.537s] running install
[2.537s] running install_lib
[2.540s] creating /home/heroes/Workspace/eksperimen_R2/grasp_ws/install/regrasp_experiment/lib/python3.10/site-packages/regrasp_experiment
[2.540s] copying /home/heroes/Workspace/eksperimen_R2/grasp_ws/build/regrasp_experiment/build/lib/regrasp_experiment/config.py -> /home/heroes/Workspace/eksperimen_R2/grasp_ws/install/regrasp_experiment/lib/python3.10/site-packages/regrasp_experiment
[2.541s] copying /home/heroes/Workspace/eksperimen_R2/grasp_ws/build/regrasp_experiment/build/lib/regrasp_experiment/perception.py -> /home/heroes/Workspace/eksperimen_R2/grasp_ws/install/regrasp_experiment/lib/python3.10/site-packages/regrasp_experiment
[2.541s] copying /home/heroes/Workspace/eksperimen_R2/grasp_ws/build/regrasp_experiment/build/lib/regrasp_experiment/__init__.py -> /home/heroes/Workspace/eksperimen_R2/grasp_ws/install/regrasp_experiment/lib/python3.10/site-packages/regrasp_experiment
[2.541s] copying /home/heroes/Workspace/eksperimen_R2/grasp_ws/build/regrasp_experiment/build/lib/regrasp_experiment/detector.py -> /home/heroes/Workspace/eksperimen_R2/grasp_ws/install/regrasp_experiment/lib/python3.10/site-packages/regrasp_experiment
[2.542s] copying /home/heroes/Workspace/eksperimen_R2/grasp_ws/build/regrasp_experiment/build/lib/regrasp_experiment/logger.py -> /home/heroes/Workspace/eksperimen_R2/grasp_ws/install/regrasp_experiment/lib/python3.10/site-packages/regrasp_experiment
[2.542s] copying /home/heroes/Workspace/eksperimen_R2/grasp_ws/build/regrasp_experiment/build/lib/regrasp_experiment/spearhead_servo.py -> /home/heroes/Workspace/eksperimen_R2/grasp_ws/install/regrasp_experiment/lib/python3.10/site-packages/regrasp_experiment
[2.542s] copying /home/heroes/Workspace/eksperimen_R2/grasp_ws/build/regrasp_experiment/build/lib/regrasp_experiment/memory.py -> /home/heroes/Workspace/eksperimen_R2/grasp_ws/install/regrasp_experiment/lib/python3.10/site-packages/regrasp_experiment
[2.542s] copying /home/heroes/Workspace/eksperimen_R2/grasp_ws/build/regrasp_experiment/build/lib/regrasp_experiment/experiment_node.py -> /home/heroes/Workspace/eksperimen_R2/grasp_ws/install/regrasp_experiment/lib/python3.10/site-packages/regrasp_experiment
[2.543s] copying /home/heroes/Workspace/eksperimen_R2/grasp_ws/build/regrasp_experiment/build/lib/regrasp_experiment/robot.py -> /home/heroes/Workspace/eksperimen_R2/grasp_ws/install/regrasp_experiment/lib/python3.10/site-packages/regrasp_experiment
[2.543s] copying /home/heroes/Workspace/eksperimen_R2/grasp_ws/build/regrasp_experiment/build/lib/regrasp_experiment/pipeline.py -> /home/heroes/Workspace/eksperimen_R2/grasp_ws/install/regrasp_experiment/lib/python3.10/site-packages/regrasp_experiment
[2.543s] copying /home/heroes/Workspace/eksperimen_R2/grasp_ws/build/regrasp_experiment/build/lib/regrasp_experiment/scoring.py -> /home/heroes/Workspace/eksperimen_R2/grasp_ws/install/regrasp_experiment/lib/python3.10/site-packages/regrasp_experiment
[2.544s] byte-compiling /home/heroes/Workspace/eksperimen_R2/grasp_ws/install/regrasp_experiment/lib/python3.10/site-packages/regrasp_experiment/config.py to config.cpython-310.pyc
[2.545s] byte-compiling /home/heroes/Workspace/eksperimen_R2/grasp_ws/install/regrasp_experiment/lib/python3.10/site-packages/regrasp_experiment/perception.py to perception.cpython-310.pyc
[2.546s] byte-compiling /home/heroes/Workspace/eksperimen_R2/grasp_ws/install/regrasp_experiment/lib/python3.10/site-packages/regrasp_experiment/__init__.py to __init__.cpython-310.pyc
[2.546s] byte-compiling /home/heroes/Workspace/eksperimen_R2/grasp_ws/install/regrasp_experiment/lib/python3.10/site-packages/regrasp_experiment/detector.py to detector.cpython-310.pyc
[2.548s] byte-compiling /home/heroes/Workspace/eksperimen_R2/grasp_ws/install/regrasp_experiment/lib/python3.10/site-packages/regrasp_experiment/logger.py to logger.cpython-310.pyc
[2.549s] byte-compiling /home/heroes/Workspace/eksperimen_R2/grasp_ws/install/regrasp_experiment/lib/python3.10/site-packages/regrasp_experiment/spearhead_servo.py to spearhead_servo.cpython-310.pyc
[2.560s] byte-compiling /home/heroes/Workspace/eksperimen_R2/grasp_ws/install/regrasp_experiment/lib/python3.10/site-packages/regrasp_experiment/memory.py to memory.cpython-310.pyc
[2.561s] byte-compiling /home/heroes/Workspace/eksperimen_R2/grasp_ws/install/regrasp_experiment/lib/python3.10/site-packages/regrasp_experiment/experiment_node.py to experiment_node.cpython-310.pyc
[2.563s] byte-compiling /home/heroes/Workspace/eksperimen_R2/grasp_ws/install/regrasp_experiment/lib/python3.10/site-packages/regrasp_experiment/robot.py to robot.cpython-310.pyc
[2.563s] byte-compiling /home/heroes/Workspace/eksperimen_R2/grasp_ws/install/regrasp_experiment/lib/python3.10/site-packages/regrasp_experiment/pipeline.py to pipeline.cpython-310.pyc
[2.565s] byte-compiling /home/heroes/Workspace/eksperimen_R2/grasp_ws/install/regrasp_experiment/lib/python3.10/site-packages/regrasp_experiment/scoring.py to scoring.cpython-310.pyc
[2.565s] running install_data
[2.566s] creating /home/heroes/Workspace/eksperimen_R2/grasp_ws/install/regrasp_experiment/share/ament_index
[2.566s] creating /home/heroes/Workspace/eksperimen_R2/grasp_ws/install/regrasp_experiment/share/ament_index/resource_index
[2.567s] creating /home/heroes/Workspace/eksperimen_R2/grasp_ws/install/regrasp_experiment/share/ament_index/resource_index/packages
[2.567s] copying resource/regrasp_experiment -> /home/heroes/Workspace/eksperimen_R2/grasp_ws/install/regrasp_experiment/share/ament_index/resource_index/packages
[2.567s] copying package.xml -> /home/heroes/Workspace/eksperimen_R2/grasp_ws/install/regrasp_experiment/share/regrasp_experiment
[2.567s] creating /home/heroes/Workspace/eksperimen_R2/grasp_ws/install/regrasp_experiment/share/regrasp_experiment/launch
[2.568s] copying launch/spearhead_servo.launch.py -> /home/heroes/Workspace/eksperimen_R2/grasp_ws/install/regrasp_experiment/share/regrasp_experiment/launch
[2.568s] copying launch/experiment.launch.py -> /home/heroes/Workspace/eksperimen_R2/grasp_ws/install/regrasp_experiment/share/regrasp_experiment/launch
[2.568s] creating /home/heroes/Workspace/eksperimen_R2/grasp_ws/install/regrasp_experiment/share/regrasp_experiment/config
[2.568s] copying config/params.yaml -> /home/heroes/Workspace/eksperimen_R2/grasp_ws/install/regrasp_experiment/share/regrasp_experiment/config
[2.569s] copying config/spearhead_servo.yaml -> /home/heroes/Workspace/eksperimen_R2/grasp_ws/install/regrasp_experiment/share/regrasp_experiment/config
[2.569s] running install_egg_info
[2.573s] Copying ../../build/regrasp_experiment/regrasp_experiment.egg-info to /home/heroes/Workspace/eksperimen_R2/grasp_ws/install/regrasp_experiment/lib/python3.10/site-packages/regrasp_experiment-0.1.0-py3.10.egg-info
[2.575s] running install_scripts
[2.628s] Installing experiment script to /home/heroes/Workspace/eksperimen_R2/grasp_ws/install/regrasp_experiment/lib/regrasp_experiment
[2.628s] Installing spearhead_servo script to /home/heroes/Workspace/eksperimen_R2/grasp_ws/install/regrasp_experiment/lib/regrasp_experiment
[2.629s] writing list of installed files to '/home/heroes/Workspace/eksperimen_R2/grasp_ws/build/regrasp_experiment/install.log'
[2.707s] Invoked command in '/home/heroes/Workspace/eksperimen_R2/grasp_ws/src/regrasp_experiment' returned '0': PS1=(.venv) \[\e]0;\u@\h: \w\a\]${debian_chroot:+($debian_chroot)}\[\033[01;32m\]\u@\h\[\033[00m\]:\[\033[01;34m\]\w\[\033[00m\]\$ PYTHONPATH=/home/heroes/Workspace/eksperimen_R2/grasp_ws/build/regrasp_experiment/prefix_override:/usr/lib/python3/dist-packages/colcon_core/task/python/colcon_distutils_commands:/home/heroes/Workspace/eksperimen_R2/grasp_ws/install/regrasp_experiment/lib/python3.10/site-packages:${PYTHONPATH} VIRTUAL_ENV_PROMPT=(.venv) /usr/bin/python3 -W ignore:setup.py install is deprecated -W ignore:easy_install command is deprecated setup.py egg_info --egg-base ../../build/regrasp_experiment build --build-base /home/heroes/Workspace/eksperimen_R2/grasp_ws/build/regrasp_experiment/build install --record /home/heroes/Workspace/eksperimen_R2/grasp_ws/build/regrasp_experiment/install.log --single-version-externally-managed install_data
