running egg_info
writing ../../build/regrasp_experiment/regrasp_experiment.egg-info/PKG-INFO
writing dependency_links to ../../build/regrasp_experiment/regrasp_experiment.egg-info/dependency_links.txt
writing entry points to ../../build/regrasp_experiment/regrasp_experiment.egg-info/entry_points.txt
writing requirements to ../../build/regrasp_experiment/regrasp_experiment.egg-info/requires.txt
writing top-level names to ../../build/regrasp_experiment/regrasp_experiment.egg-info/top_level.txt
reading manifest file '../../build/regrasp_experiment/regrasp_experiment.egg-info/SOURCES.txt'
writing manifest file '../../build/regrasp_experiment/regrasp_experiment.egg-info/SOURCES.txt'
running build
running build_py
running install
running install_lib
running install_data
running install_egg_info
removing '/home/heroes/Workspace/eksperimen_R2/grasp_ws/install/regrasp_experiment/lib/python3.10/site-packages/regrasp_experiment-0.1.0-py3.10.egg-info' (and everything under it)
Copying ../../build/regrasp_experiment/regrasp_experiment.egg-info to /home/heroes/Workspace/eksperimen_R2/grasp_ws/install/regrasp_experiment/lib/python3.10/site-packages/regrasp_experiment-0.1.0-py3.10.egg-info
running install_scripts
Installing experiment script to /home/heroes/Workspace/eksperimen_R2/grasp_ws/install/regrasp_experiment/lib/regrasp_experiment
Installing sensor_controller script to /home/heroes/Workspace/eksperimen_R2/grasp_ws/install/regrasp_experiment/lib/regrasp_experiment
Installing sensor_node script to /home/heroes/Workspace/eksperimen_R2/grasp_ws/install/regrasp_experiment/lib/regrasp_experiment
Installing spearhead_dashboard script to /home/heroes/Workspace/eksperimen_R2/grasp_ws/install/regrasp_experiment/lib/regrasp_experiment
Installing spearhead_servo script to /home/heroes/Workspace/eksperimen_R2/grasp_ws/install/regrasp_experiment/lib/regrasp_experiment
writing list of installed files to '/home/heroes/Workspace/eksperimen_R2/grasp_ws/build/regrasp_experiment/install.log'
