[1.671s] Invoking command in '/home/heroes/Workspace/eksperimen_R2/grasp_ws/src/regrasp_experiment': PYTHONPATH=/home/heroes/Workspace/eksperimen_R2/grasp_ws/build/regrasp_experiment/prefix_override:/usr/lib/python3/dist-packages/colcon_core/task/python/colcon_distutils_commands:/home/heroes/Workspace/eksperimen_R2/grasp_ws/install/regrasp_experiment/lib/python3.10/site-packages:${PYTHONPATH} /usr/bin/python3 -W ignore:setup.py install is deprecated -W ignore:easy_install command is deprecated setup.py egg_info --egg-base ../../build/regrasp_experiment build --build-base /home/heroes/Workspace/eksperimen_R2/grasp_ws/build/regrasp_experiment/build install --record /home/heroes/Workspace/eksperimen_R2/grasp_ws/build/regrasp_experiment/install.log --single-version-externally-managed install_data
[2.300s] running egg_info
[2.302s] writing ../../build/regrasp_experiment/regrasp_experiment.egg-info/PKG-INFO
[2.302s] writing dependency_links to ../../build/regrasp_experiment/regrasp_experiment.egg-info/dependency_links.txt
[2.303s] writing entry points to ../../build/regrasp_experiment/regrasp_experiment.egg-info/entry_points.txt
[2.303s] writing requirements to ../../build/regrasp_experiment/regrasp_experiment.egg-info/requires.txt
[2.303s] writing top-level names to ../../build/regrasp_experiment/regrasp_experiment.egg-info/top_level.txt
[2.308s] reading manifest file '../../build/regrasp_experiment/regrasp_experiment.egg-info/SOURCES.txt'
[2.310s] writing manifest file '../../build/regrasp_experiment/regrasp_experiment.egg-info/SOURCES.txt'
[2.310s] running build
[2.311s] running build_py
[2.312s] running install
[2.312s] running install_lib
[2.317s] running install_data
[2.317s] copying config/spearhead_servo.yaml -> /home/heroes/Workspace/eksperimen_R2/grasp_ws/install/regrasp_experiment/share/regrasp_experiment/config
[2.317s] running install_egg_info
[2.322s] removing '/home/heroes/Workspace/eksperimen_R2/grasp_ws/install/regrasp_experiment/lib/python3.10/site-packages/regrasp_experiment-0.1.0-py3.10.egg-info' (and everything under it)
[2.323s] Copying ../../build/regrasp_experiment/regrasp_experiment.egg-info to /home/heroes/Workspace/eksperimen_R2/grasp_ws/install/regrasp_experiment/lib/python3.10/site-packages/regrasp_experiment-0.1.0-py3.10.egg-info
[2.325s] running install_scripts
[2.377s] Installing experiment script to /home/heroes/Workspace/eksperimen_R2/grasp_ws/install/regrasp_experiment/lib/regrasp_experiment
[2.377s] Installing spearhead_servo script to /home/heroes/Workspace/eksperimen_R2/grasp_ws/install/regrasp_experiment/lib/regrasp_experiment
[2.378s] writing list of installed files to '/home/heroes/Workspace/eksperimen_R2/grasp_ws/build/regrasp_experiment/install.log'
[2.452s] Invoked command in '/home/heroes/Workspace/eksperimen_R2/grasp_ws/src/regrasp_experiment' returned '0': PYTHONPATH=/home/heroes/Workspace/eksperimen_R2/grasp_ws/build/regrasp_experiment/prefix_override:/usr/lib/python3/dist-packages/colcon_core/task/python/colcon_distutils_commands:/home/heroes/Workspace/eksperimen_R2/grasp_ws/install/regrasp_experiment/lib/python3.10/site-packages:${PYTHONPATH} /usr/bin/python3 -W ignore:setup.py install is deprecated -W ignore:easy_install command is deprecated setup.py egg_info --egg-base ../../build/regrasp_experiment build --build-base /home/heroes/Workspace/eksperimen_R2/grasp_ws/build/regrasp_experiment/build install --record /home/heroes/Workspace/eksperimen_R2/grasp_ws/build/regrasp_experiment/install.log --single-version-externally-managed install_data
