[1.642s] Invoking command in '/home/heroes/Workspace/eksperimen_R2/grasp_ws/src/regrasp_experiment': PS1=(.venv) \[\e]0;\u@\h: \w\a\]${debian_chroot:+($debian_chroot)}\[\033[01;32m\]\u@\h\[\033[00m\]:\[\033[01;34m\]\w\[\033[00m\]\$ PYTHONPATH=/home/heroes/Workspace/eksperimen_R2/grasp_ws/build/regrasp_experiment/prefix_override:/usr/lib/python3/dist-packages/colcon_core/task/python/colcon_distutils_commands:/home/heroes/Workspace/eksperimen_R2/grasp_ws/install/regrasp_experiment/lib/python3.10/site-packages:${PYTHONPATH} VIRTUAL_ENV_PROMPT=(.venv) /usr/bin/python3 -W ignore:setup.py install is deprecated -W ignore:easy_install command is deprecated setup.py egg_info --egg-base ../../build/regrasp_experiment build --build-base /home/heroes/Workspace/eksperimen_R2/grasp_ws/build/regrasp_experiment/build install --record /home/heroes/Workspace/eksperimen_R2/grasp_ws/build/regrasp_experiment/install.log --single-version-externally-managed install_data
[2.260s] running egg_info
[2.262s] writing ../../build/regrasp_experiment/regrasp_experiment.egg-info/PKG-INFO
[2.262s] writing dependency_links to ../../build/regrasp_experiment/regrasp_experiment.egg-info/dependency_links.txt
[2.263s] writing entry points to ../../build/regrasp_experiment/regrasp_experiment.egg-info/entry_points.txt
[2.263s] writing requirements to ../../build/regrasp_experiment/regrasp_experiment.egg-info/requires.txt
[2.264s] writing top-level names to ../../build/regrasp_experiment/regrasp_experiment.egg-info/top_level.txt
[2.267s] reading manifest file '../../build/regrasp_experiment/regrasp_experiment.egg-info/SOURCES.txt'
[2.269s] writing manifest file '../../build/regrasp_experiment/regrasp_experiment.egg-info/SOURCES.txt'
[2.270s] running build
[2.270s] running build_py
[2.271s] running install
[2.272s] running install_lib
[2.276s] running install_data
[2.276s] running install_egg_info
[2.280s] removing '/home/heroes/Workspace/eksperimen_R2/grasp_ws/install/regrasp_experiment/lib/python3.10/site-packages/regrasp_experiment-0.1.0-py3.10.egg-info' (and everything under it)
[2.281s] Copying ../../build/regrasp_experiment/regrasp_experiment.egg-info to /home/heroes/Workspace/eksperimen_R2/grasp_ws/install/regrasp_experiment/lib/python3.10/site-packages/regrasp_experiment-0.1.0-py3.10.egg-info
[2.283s] running install_scripts
[2.331s] Installing experiment script to /home/heroes/Workspace/eksperimen_R2/grasp_ws/install/regrasp_experiment/lib/regrasp_experiment
[2.331s] Installing spearhead_servo script to /home/heroes/Workspace/eksperimen_R2/grasp_ws/install/regrasp_experiment/lib/regrasp_experiment
[2.332s] writing list of installed files to '/home/heroes/Workspace/eksperimen_R2/grasp_ws/build/regrasp_experiment/install.log'
[2.401s] Invoked command in '/home/heroes/Workspace/eksperimen_R2/grasp_ws/src/regrasp_experiment' returned '0': PS1=(.venv) \[\e]0;\u@\h: \w\a\]${debian_chroot:+($debian_chroot)}\[\033[01;32m\]\u@\h\[\033[00m\]:\[\033[01;34m\]\w\[\033[00m\]\$ PYTHONPATH=/home/heroes/Workspace/eksperimen_R2/grasp_ws/build/regrasp_experiment/prefix_override:/usr/lib/python3/dist-packages/colcon_core/task/python/colcon_distutils_commands:/home/heroes/Workspace/eksperimen_R2/grasp_ws/install/regrasp_experiment/lib/python3.10/site-packages:${PYTHONPATH} VIRTUAL_ENV_PROMPT=(.venv) /usr/bin/python3 -W ignore:setup.py install is deprecated -W ignore:easy_install command is deprecated setup.py egg_info --egg-base ../../build/regrasp_experiment build --build-base /home/heroes/Workspace/eksperimen_R2/grasp_ws/build/regrasp_experiment/build install --record /home/heroes/Workspace/eksperimen_R2/grasp_ws/build/regrasp_experiment/install.log --single-version-externally-managed install_data
