[1.809s] Invoking command in '/home/heroes/Workspace/eksperimen_R2/grasp_ws/build/regrasp_experiment': PYTHONPATH=/home/heroes/Workspace/eksperimen_R2/grasp_ws/build/regrasp_experiment/prefix_override:/usr/lib/python3/dist-packages/colcon_core/task/python/colcon_distutils_commands:/home/heroes/Workspace/eksperimen_R2/grasp_ws/install/regrasp_experiment/lib/python3.10/site-packages:${PYTHONPATH} /usr/bin/python3 -W ignore:setup.py install is deprecated -W ignore:easy_install command is deprecated setup.py develop --editable --build-directory /home/heroes/Workspace/eksperimen_R2/grasp_ws/build/regrasp_experiment/build --no-deps symlink_data
[2.507s] running develop
[2.986s] running egg_info
[2.987s] creating regrasp_experiment.egg-info
[2.987s] writing regrasp_experiment.egg-info/PKG-INFO
[2.988s] writing dependency_links to regrasp_experiment.egg-info/dependency_links.txt
[2.988s] writing entry points to regrasp_experiment.egg-info/entry_points.txt
[2.988s] writing requirements to regrasp_experiment.egg-info/requires.txt
[2.989s] writing top-level names to regrasp_experiment.egg-info/top_level.txt
[2.989s] writing manifest file 'regrasp_experiment.egg-info/SOURCES.txt'
[2.994s] reading manifest file 'regrasp_experiment.egg-info/SOURCES.txt'
[2.996s] writing manifest file 'regrasp_experiment.egg-info/SOURCES.txt'
[3.000s] running build_ext
[3.001s] Creating /home/heroes/Workspace/eksperimen_R2/grasp_ws/install/regrasp_experiment/lib/python3.10/site-packages/regrasp-experiment.egg-link (link to .)
[3.003s] Installing experiment script to /home/heroes/Workspace/eksperimen_R2/grasp_ws/install/regrasp_experiment/lib/regrasp_experiment
[3.003s] Installing sensor_controller script to /home/heroes/Workspace/eksperimen_R2/grasp_ws/install/regrasp_experiment/lib/regrasp_experiment
[3.004s] Installing sensor_node script to /home/heroes/Workspace/eksperimen_R2/grasp_ws/install/regrasp_experiment/lib/regrasp_experiment
[3.004s] Installing spearhead_dashboard script to /home/heroes/Workspace/eksperimen_R2/grasp_ws/install/regrasp_experiment/lib/regrasp_experiment
[3.005s] Installing spearhead_servo script to /home/heroes/Workspace/eksperimen_R2/grasp_ws/install/regrasp_experiment/lib/regrasp_experiment
[3.005s] 
[3.005s] Installed /home/heroes/Workspace/eksperimen_R2/grasp_ws/build/regrasp_experiment
[3.005s] running symlink_data
[3.099s] Invoked command in '/home/heroes/Workspace/eksperimen_R2/grasp_ws/build/regrasp_experiment' returned '0': PYTHONPATH=/home/heroes/Workspace/eksperimen_R2/grasp_ws/build/regrasp_experiment/prefix_override:/usr/lib/python3/dist-packages/colcon_core/task/python/colcon_distutils_commands:/home/heroes/Workspace/eksperimen_R2/grasp_ws/install/regrasp_experiment/lib/python3.10/site-packages:${PYTHONPATH} /usr/bin/python3 -W ignore:setup.py install is deprecated -W ignore:easy_install command is deprecated setup.py develop --editable --build-directory /home/heroes/Workspace/eksperimen_R2/grasp_ws/build/regrasp_experiment/build --no-deps symlink_data
